[     351ms] [ERROR] Failed to load resource: the server responded with a status of 404 (Not Found) @ http://localhost:3167/carousel:0
[   79519ms] TypeError: Cannot read properties of null (reading 'append')
    at loadHeader (http://localhost:3167/scripts/aem.js:596:10)
    at loadLazy (http://localhost:3167/scripts/scripts.js:158:3)
    at loadPage (http://localhost:3167/scripts/scripts.js:185:9)
[   79520ms] TypeError: Cannot read properties of null (reading 'append')
    at loadFooter (http://localhost:3167/scripts/aem.js:608:10)
    at loadLazy (http://localhost:3167/scripts/scripts.js:167:3)
    at async loadPage (http://localhost:3167/scripts/scripts.js:185:3)
[  217510ms] TypeError: Cannot read properties of null (reading 'append')
    at loadHeader (http://localhost:3167/scripts/aem.js:596:10)
    at loadLazy (http://localhost:3167/scripts/scripts.js:158:3)
    at loadPage (http://localhost:3167/scripts/scripts.js:185:9)
[  217510ms] TypeError: Cannot read properties of null (reading 'append')
    at loadFooter (http://localhost:3167/scripts/aem.js:608:10)
    at loadLazy (http://localhost:3167/scripts/scripts.js:167:3)
    at async loadPage (http://localhost:3167/scripts/scripts.js:185:3)
[  274799ms] TypeError: Cannot read properties of null (reading 'append')
    at loadHeader (http://localhost:3167/scripts/aem.js:596:10)
    at loadLazy (http://localhost:3167/scripts/scripts.js:158:3)
    at loadPage (http://localhost:3167/scripts/scripts.js:185:9)
[  274799ms] TypeError: Cannot read properties of null (reading 'append')
    at loadFooter (http://localhost:3167/scripts/aem.js:608:10)
    at loadLazy (http://localhost:3167/scripts/scripts.js:167:3)
    at async loadPage (http://localhost:3167/scripts/scripts.js:185:3)
